
*** Running vivado
    with args -log MatrixMult4x4_pipeline.vdi -applog -m64 -product Vivado -messageDb vivado.pb -mode batch -source MatrixMult4x4_pipeline.tcl -notrace



****** Vivado v2025.1 (64-bit)
  **** SW Build 6140274 on Thu May 22 00:12:29 MDT 2025
  **** IP Build 6138677 on Thu May 22 03:10:11 MDT 2025
  **** SharedData Build 6139179 on Tue May 20 17:58:58 MDT 2025
  **** Start of session at: Sat May  2 20:03:43 2026
    ** Copyright 1986-2022 Xilinx, Inc. All Rights Reserved.
    ** Copyright 2022-2025 Advanced Micro Devices, Inc. All Rights Reserved.

source MatrixMult4x4_pipeline.tcl -notrace
Command: link_design -top MatrixMult4x4_pipeline -part xc7a100tcsg324-1 -mode out_of_context
Design is defaulting to srcset: sources_1
Design is defaulting to constrset: constrs_1
INFO: [Device 21-403] Loading part xc7a100tcsg324-1
Netlist sorting complete. Time (s): cpu = 00:00:00 ; elapsed = 00:00:00.048 . Memory (MB): peak = 736.535 ; gain = 0.000
INFO: [Netlist 29-17] Analyzing 720 Unisim elements for replacement
INFO: [Netlist 29-28] Unisim Transformation completed in 0 CPU seconds
WARNING: [Netlist 29-101] Netlist 'MatrixMult4x4_pipeline' is not ideal for floorplanning, since the cellview 'MatrixMult4x4_pipeline' contains a large number of primitives.  Please consider enabling hierarchy in synthesis if you want to do floorplanning.
INFO: [Project 1-479] Netlist was created with Vivado 2025.1
INFO: [Project 1-570] Preparing netlist for logic optimization
Parsing XDC File [D:/SoCLyThuyet/MatrixMult_pipeline/MatrixMult_pipeline.srcs/constrs_1/new/timing.xdc]
Finished Parsing XDC File [D:/SoCLyThuyet/MatrixMult_pipeline/MatrixMult_pipeline.srcs/constrs_1/new/timing.xdc]
INFO: [Opt 31-138] Pushed 0 inverter(s) to 0 load pin(s).
Netlist sorting complete. Time (s): cpu = 00:00:00 ; elapsed = 00:00:00.002 . Memory (MB): peak = 868.070 ; gain = 0.000
INFO: [Project 1-111] Unisim Transformation Summary:
No Unisim elements were transformed.

7 Infos, 1 Warnings, 0 Critical Warnings and 0 Errors encountered.
link_design completed successfully
Command: opt_design
Attempting to get a license for feature 'Implementation' and/or device 'xc7a100t'
INFO: [Common 17-349] Got license for feature 'Implementation' and/or device 'xc7a100t'
Running DRC as a precondition to command opt_design

Starting DRC Task
INFO: [DRC 23-27] Running DRC with 2 threads
WARNING: [DRC 23-814] Not all possible (connectivity based) DRCs may have been run because this design is seen as Out of Context.
INFO: [Project 1-461] DRC finished with 0 Errors
INFO: [Project 1-462] Please refer to the DRC report (report_drc) for more information.

Time (s): cpu = 00:00:01 ; elapsed = 00:00:00.591 . Memory (MB): peak = 910.152 ; gain = 26.598

Starting Cache Timing Information Task
INFO: [Timing 38-35] Done setting XDC timing constraints.
Ending Cache Timing Information Task | Checksum: 18701db47

Time (s): cpu = 00:00:00 ; elapsed = 00:00:05 . Memory (MB): peak = 1461.777 ; gain = 551.625

Starting Logic Optimization Task

Phase 1 Initialization

Phase 1.1 Core Generation And Design Setup
Phase 1.1 Core Generation And Design Setup | Checksum: 18701db47

Time (s): cpu = 00:00:00 ; elapsed = 00:00:00.003 . Memory (MB): peak = 1891.918 ; gain = 0.000

Phase 1.2 Setup Constraints And Sort Netlist
Phase 1.2 Setup Constraints And Sort Netlist | Checksum: 18701db47

Time (s): cpu = 00:00:00 ; elapsed = 00:00:00.006 . Memory (MB): peak = 1891.918 ; gain = 0.000
Phase 1 Initialization | Checksum: 18701db47

Time (s): cpu = 00:00:00 ; elapsed = 00:00:00.007 . Memory (MB): peak = 1891.918 ; gain = 0.000

Phase 2 Timer Update And Timing Data Collection

Phase 2.1 Timer Update
Phase 2.1 Timer Update | Checksum: 18701db47

Time (s): cpu = 00:00:00 ; elapsed = 00:00:00.090 . Memory (MB): peak = 1891.918 ; gain = 0.000

Phase 2.2 Timing Data Collection
Phase 2.2 Timing Data Collection | Checksum: 18701db47

Time (s): cpu = 00:00:00 ; elapsed = 00:00:00.097 . Memory (MB): peak = 1891.918 ; gain = 0.000
Phase 2 Timer Update And Timing Data Collection | Checksum: 18701db47

Time (s): cpu = 00:00:00 ; elapsed = 00:00:00.098 . Memory (MB): peak = 1891.918 ; gain = 0.000

Phase 3 Retarget
INFO: [Opt 31-1851] Number of loadless carry chains removed were: 0
INFO: [Opt 31-1834] Total Chains To Be Transformed Were: 0 AND Number of Transformed insts Created are: 0
INFO: [Opt 31-138] Pushed 0 inverter(s) to 0 load pin(s).
INFO: [Opt 31-49] Retargeted 0 cell(s).
Phase 3 Retarget | Checksum: 18701db47

Time (s): cpu = 00:00:00 ; elapsed = 00:00:00.149 . Memory (MB): peak = 1891.918 ; gain = 0.000
Retarget | Checksum: 18701db47
INFO: [Opt 31-389] Phase Retarget created 0 cells and removed 0 cells

Phase 4 Constant propagation
INFO: [Opt 31-138] Pushed 0 inverter(s) to 0 load pin(s).
Phase 4 Constant propagation | Checksum: 1794cebfe

Time (s): cpu = 00:00:00 ; elapsed = 00:00:00.192 . Memory (MB): peak = 1891.918 ; gain = 0.000
Constant propagation | Checksum: 1794cebfe
INFO: [Opt 31-389] Phase Constant propagation created 0 cells and removed 0 cells

Phase 5 Sweep
INFO: [Constraints 18-11670] Building netlist checker database with flags, 0x8
Done building netlist checker database: Time (s): cpu = 00:00:00 ; elapsed = 00:00:00.001 . Memory (MB): peak = 1891.918 ; gain = 0.000
Phase 5 Sweep | Checksum: 220d613d4

Time (s): cpu = 00:00:00 ; elapsed = 00:00:00.243 . Memory (MB): peak = 1891.918 ; gain = 0.000
Sweep | Checksum: 220d613d4
INFO: [Opt 31-389] Phase Sweep created 0 cells and removed 0 cells

Phase 6 BUFG optimization
Phase 6 BUFG optimization | Checksum: 220d613d4

Time (s): cpu = 00:00:00 ; elapsed = 00:00:00.261 . Memory (MB): peak = 1891.918 ; gain = 0.000
BUFG optimization | Checksum: 220d613d4
INFO: [Opt 31-662] Phase BUFG optimization created 0 cells of which 0 are BUFGs and removed 0 cells.

Phase 7 Shift Register Optimization
INFO: [Opt 31-1064] SRL Remap converted 0 SRLs to 0 registers and converted 0 registers of register chains to 0 SRLs
Phase 7 Shift Register Optimization | Checksum: 220d613d4

Time (s): cpu = 00:00:00 ; elapsed = 00:00:00.267 . Memory (MB): peak = 1891.918 ; gain = 0.000
Shift Register Optimization | Checksum: 220d613d4
INFO: [Opt 31-389] Phase Shift Register Optimization created 0 cells and removed 0 cells

Phase 8 Post Processing Netlist
Phase 8 Post Processing Netlist | Checksum: 220d613d4

Time (s): cpu = 00:00:00 ; elapsed = 00:00:00.276 . Memory (MB): peak = 1891.918 ; gain = 0.000
Post Processing Netlist | Checksum: 220d613d4
INFO: [Opt 31-389] Phase Post Processing Netlist created 0 cells and removed 0 cells

Phase 9 Finalization

Phase 9.1 Finalizing Design Cores and Updating Shapes
Phase 9.1 Finalizing Design Cores and Updating Shapes | Checksum: 1771af36b

Time (s): cpu = 00:00:00 ; elapsed = 00:00:00.522 . Memory (MB): peak = 1891.918 ; gain = 0.000

Phase 9.2 Verifying Netlist Connectivity

Starting Connectivity Check Task

Time (s): cpu = 00:00:00 ; elapsed = 00:00:00.012 . Memory (MB): peak = 1891.918 ; gain = 0.000
Phase 9.2 Verifying Netlist Connectivity | Checksum: 1771af36b

Time (s): cpu = 00:00:00 ; elapsed = 00:00:00.535 . Memory (MB): peak = 1891.918 ; gain = 0.000
Phase 9 Finalization | Checksum: 1771af36b

Time (s): cpu = 00:00:00 ; elapsed = 00:00:00.536 . Memory (MB): peak = 1891.918 ; gain = 0.000
Opt_design Change Summary
=========================


-------------------------------------------------------------------------------------------------------------------------
|  Phase                        |  #Cells created  |  #Cells Removed  |  #Constrained objects preventing optimizations  |
-------------------------------------------------------------------------------------------------------------------------
|  Retarget                     |               0  |               0  |                                              0  |
|  Constant propagation         |               0  |               0  |                                              0  |
|  Sweep                        |               0  |               0  |                                              0  |
|  BUFG optimization            |               0  |               0  |                                              0  |
|  Shift Register Optimization  |               0  |               0  |                                              0  |
|  Post Processing Netlist      |               0  |               0  |                                              0  |
-------------------------------------------------------------------------------------------------------------------------


Ending Logic Optimization Task | Checksum: 1771af36b

Time (s): cpu = 00:00:00 ; elapsed = 00:00:00.538 . Memory (MB): peak = 1891.918 ; gain = 0.000

Starting Power Optimization Task
INFO: [Pwropt 34-132] Skipping clock gating for clocks with a period < 2.00 ns.
Ending Power Optimization Task | Checksum: 1771af36b

Time (s): cpu = 00:00:00 ; elapsed = 00:00:00.009 . Memory (MB): peak = 1891.918 ; gain = 0.000

Starting Final Cleanup Task
Ending Final Cleanup Task | Checksum: 1771af36b

Time (s): cpu = 00:00:00 ; elapsed = 00:00:00 . Memory (MB): peak = 1891.918 ; gain = 0.000

Starting Netlist Obfuscation Task
Netlist sorting complete. Time (s): cpu = 00:00:00 ; elapsed = 00:00:00.003 . Memory (MB): peak = 1891.918 ; gain = 0.000
Ending Netlist Obfuscation Task | Checksum: 1771af36b

Time (s): cpu = 00:00:00 ; elapsed = 00:00:00.003 . Memory (MB): peak = 1891.918 ; gain = 0.000
INFO: [Common 17-83] Releasing license: Implementation
27 Infos, 2 Warnings, 0 Critical Warnings and 0 Errors encountered.
opt_design completed successfully
opt_design: Time (s): cpu = 00:00:02 ; elapsed = 00:00:09 . Memory (MB): peak = 1891.918 ; gain = 1008.363
INFO: [Vivado 12-24828] Executing command : report_drc -file MatrixMult4x4_pipeline_drc_opted.rpt -pb MatrixMult4x4_pipeline_drc_opted.pb -rpx MatrixMult4x4_pipeline_drc_opted.rpx
Command: report_drc -file MatrixMult4x4_pipeline_drc_opted.rpt -pb MatrixMult4x4_pipeline_drc_opted.pb -rpx MatrixMult4x4_pipeline_drc_opted.rpx
INFO: [IP_Flow 19-234] Refreshing IP repositories
INFO: [IP_Flow 19-1704] No user IP repositories specified
INFO: [IP_Flow 19-2313] Loaded Vivado IP repository 'D:/Vivado/2025.1/Vivado/data/ip'.
INFO: [DRC 23-27] Running DRC with 2 threads
WARNING: [DRC 23-814] Not all possible (connectivity based) DRCs may have been run because this design is seen as Out of Context.
INFO: [Vivado_Tcl 2-168] The results of DRC are in file D:/SoCLyThuyet/MatrixMult_pipeline/MatrixMult_pipeline.runs/impl_1/MatrixMult4x4_pipeline_drc_opted.rpt.
report_drc completed successfully
INFO: [Timing 38-35] Done setting XDC timing constraints.
INFO: [Timing 38-480] Writing timing data to binary archive.
Write ShapeDB Complete: Time (s): cpu = 00:00:00 ; elapsed = 00:00:00.021 . Memory (MB): peak = 1891.918 ; gain = 0.000
INFO: [Common 17-1381] The checkpoint 'D:/SoCLyThuyet/MatrixMult_pipeline/MatrixMult_pipeline.runs/impl_1/MatrixMult4x4_pipeline_opt.dcp' has been generated.
Command: place_design
Attempting to get a license for feature 'Implementation' and/or device 'xc7a100t'
INFO: [Common 17-349] Got license for feature 'Implementation' and/or device 'xc7a100t'
INFO: [Common 17-83] Releasing license: Implementation
INFO: [DRC 23-27] Running DRC with 2 threads
WARNING: [DRC 23-814] Not all possible (connectivity based) DRCs may have been run because this design is seen as Out of Context.
INFO: [Vivado_Tcl 4-198] DRC finished with 0 Errors
INFO: [Vivado_Tcl 4-199] Please refer to the DRC report (report_drc) for more information.
Running DRC as a precondition to command place_design
INFO: [DRC 23-27] Running DRC with 2 threads
WARNING: [DRC 23-814] Not all possible (connectivity based) DRCs may have been run because this design is seen as Out of Context.
INFO: [Vivado_Tcl 4-198] DRC finished with 0 Errors
INFO: [Vivado_Tcl 4-199] Please refer to the DRC report (report_drc) for more information.
INFO: [Place 30-611] Multithreading enabled for place_design using a maximum of 2 CPUs

Starting Placer Task

Phase 1 Placer Initialization

Phase 1.1 Placer Initialization Netlist Sorting
Netlist sorting complete. Time (s): cpu = 00:00:00 ; elapsed = 00:00:00.001 . Memory (MB): peak = 1891.918 ; gain = 0.000
Phase 1.1 Placer Initialization Netlist Sorting | Checksum: c2ae144b

Time (s): cpu = 00:00:00 ; elapsed = 00:00:00.003 . Memory (MB): peak = 1891.918 ; gain = 0.000
Netlist sorting complete. Time (s): cpu = 00:00:00 ; elapsed = 00:00:00.001 . Memory (MB): peak = 1891.918 ; gain = 0.000

Phase 1.2 IO Placement/ Clock Placement/ Build Placer Device
Phase 1.2 IO Placement/ Clock Placement/ Build Placer Device | Checksum: c2ae144b

Time (s): cpu = 00:00:01 ; elapsed = 00:00:01 . Memory (MB): peak = 1891.918 ; gain = 0.000

Phase 1.3 Build Placer Netlist Model
Phase 1.3 Build Placer Netlist Model | Checksum: 1aede708b

Time (s): cpu = 00:00:01 ; elapsed = 00:00:02 . Memory (MB): peak = 1891.918 ; gain = 0.000

Phase 1.4 Constrain Clocks/Macros
Phase 1.4 Constrain Clocks/Macros | Checksum: 1aede708b

Time (s): cpu = 00:00:01 ; elapsed = 00:00:02 . Memory (MB): peak = 1891.918 ; gain = 0.000
Phase 1 Placer Initialization | Checksum: 1aede708b

Time (s): cpu = 00:00:01 ; elapsed = 00:00:02 . Memory (MB): peak = 1891.918 ; gain = 0.000

Phase 2 Global Placement

Phase 2.1 Floorplanning
Phase 2.1 Floorplanning | Checksum: 139a3aa94

Time (s): cpu = 00:00:01 ; elapsed = 00:00:02 . Memory (MB): peak = 1891.918 ; gain = 0.000

Phase 2.2 Update Timing before SLR Path Opt
Phase 2.2 Update Timing before SLR Path Opt | Checksum: 110acc49e

Time (s): cpu = 00:00:01 ; elapsed = 00:00:02 . Memory (MB): peak = 1891.918 ; gain = 0.000

Phase 2.3 Post-Processing in Floorplanning
Phase 2.3 Post-Processing in Floorplanning | Checksum: 110acc49e

Time (s): cpu = 00:00:01 ; elapsed = 00:00:02 . Memory (MB): peak = 1891.918 ; gain = 0.000

Phase 2.4 Global Place Phase1
Phase 2.4 Global Place Phase1 | Checksum: 1b8f7a145

Time (s): cpu = 00:00:02 ; elapsed = 00:00:02 . Memory (MB): peak = 1891.918 ; gain = 0.000

Phase 2.5 Global Place Phase2

Phase 2.5.1 UpdateTiming Before Physical Synthesis
Phase 2.5.1 UpdateTiming Before Physical Synthesis | Checksum: 1b8f7a145

Time (s): cpu = 00:00:02 ; elapsed = 00:00:03 . Memory (MB): peak = 1891.918 ; gain = 0.000

Phase 2.5.2 Physical Synthesis In Placer
INFO: [Physopt 32-1035] Found 0 LUTNM shape to break, 416 LUT instances to create LUTNM shape
INFO: [Physopt 32-1044] Break lutnm for timing: one critical 0, two critical 0, total 0, new lutff created 0
INFO: [Physopt 32-1138] End 1 Pass. Optimized 208 nets or LUTs. Breaked 0 LUT, combined 208 existing LUTs and moved 0 existing LUT
INFO: [Physopt 32-65] No nets found for high-fanout optimization.
INFO: [Physopt 32-232] Optimized 0 net. Created 0 new instance.
INFO: [Physopt 32-775] End 1 Pass. Optimized 0 net or cell. Created 0 new cell, deleted 0 existing cell and moved 0 existing cell
INFO: [Physopt 32-670] No setup violation found.  DSP Register Optimization was not performed.
INFO: [Physopt 32-670] No setup violation found.  Shift Register to Pipeline Optimization was not performed.
INFO: [Physopt 32-670] No setup violation found.  Shift Register Optimization was not performed.
INFO: [Physopt 32-670] No setup violation found.  BRAM Register Optimization was not performed.
INFO: [Physopt 32-670] No setup violation found.  URAM Register Optimization was not performed.
INFO: [Physopt 32-949] No candidate nets found for dynamic/static region interface net replication
INFO: [Physopt 32-775] End 1 Pass. Optimized 0 net or cell. Created 0 new cell, deleted 0 existing cell and moved 0 existing cell
Netlist sorting complete. Time (s): cpu = 00:00:00 ; elapsed = 00:00:00.003 . Memory (MB): peak = 1891.918 ; gain = 0.000

Summary of Physical Synthesis Optimizations
============================================


-----------------------------------------------------------------------------------------------------------------------------------------------------------
|  Optimization                                     |  Added Cells  |  Removed Cells  |  Optimized Cells/Nets  |  Dont Touch  |  Iterations  |  Elapsed   |
-----------------------------------------------------------------------------------------------------------------------------------------------------------
|  LUT Combining                                    |            0  |            208  |                   208  |           0  |           1  |  00:00:00  |
|  Retime                                           |            0  |              0  |                     0  |           0  |           1  |  00:00:00  |
|  Very High Fanout                                 |            0  |              0  |                     0  |           0  |           1  |  00:00:00  |
|  DSP Register                                     |            0  |              0  |                     0  |           0  |           0  |  00:00:00  |
|  Shift Register to Pipeline                       |            0  |              0  |                     0  |           0  |           0  |  00:00:00  |
|  Shift Register                                   |            0  |              0  |                     0  |           0  |           0  |  00:00:00  |
|  BRAM Register                                    |            0  |              0  |                     0  |           0  |           0  |  00:00:00  |
|  URAM Register                                    |            0  |              0  |                     0  |           0  |           0  |  00:00:00  |
|  Dynamic/Static Region Interface Net Replication  |            0  |              0  |                     0  |           0  |           1  |  00:00:00  |
|  Total                                            |            0  |            208  |                   208  |           0  |           4  |  00:00:00  |
-----------------------------------------------------------------------------------------------------------------------------------------------------------


Phase 2.5.2 Physical Synthesis In Placer | Checksum: 1b6e13c1c

Time (s): cpu = 00:00:02 ; elapsed = 00:00:03 . Memory (MB): peak = 1891.918 ; gain = 0.000
Phase 2.5 Global Place Phase2 | Checksum: 20bc21cd5

Time (s): cpu = 00:00:02 ; elapsed = 00:00:03 . Memory (MB): peak = 1891.918 ; gain = 0.000
Phase 2 Global Placement | Checksum: 20bc21cd5

Time (s): cpu = 00:00:02 ; elapsed = 00:00:03 . Memory (MB): peak = 1891.918 ; gain = 0.000

Phase 3 Detail Placement

Phase 3.1 Commit Multi Column Macros
Phase 3.1 Commit Multi Column Macros | Checksum: 26cb5e8ba

Time (s): cpu = 00:00:02 ; elapsed = 00:00:03 . Memory (MB): peak = 1891.918 ; gain = 0.000

Phase 3.2 Commit Most Macros & LUTRAMs
Phase 3.2 Commit Most Macros & LUTRAMs | Checksum: 291b38e06

Time (s): cpu = 00:00:02 ; elapsed = 00:00:03 . Memory (MB): peak = 1891.918 ; gain = 0.000

Phase 3.3 Area Swap Optimization
Phase 3.3 Area Swap Optimization | Checksum: 26eecdf02

Time (s): cpu = 00:00:02 ; elapsed = 00:00:03 . Memory (MB): peak = 1891.918 ; gain = 0.000

Phase 3.4 Pipeline Register Optimization
Phase 3.4 Pipeline Register Optimization | Checksum: 23e3b8dfc

Time (s): cpu = 00:00:02 ; elapsed = 00:00:03 . Memory (MB): peak = 1891.918 ; gain = 0.000

Phase 3.5 Small Shape Detail Placement
Phase 3.5 Small Shape Detail Placement | Checksum: 214f50da5

Time (s): cpu = 00:00:02 ; elapsed = 00:00:04 . Memory (MB): peak = 1891.918 ; gain = 0.000

Phase 3.6 Re-assign LUT pins
Phase 3.6 Re-assign LUT pins | Checksum: 2746be15d

Time (s): cpu = 00:00:02 ; elapsed = 00:00:05 . Memory (MB): peak = 1891.918 ; gain = 0.000

Phase 3.7 Pipeline Register Optimization
Phase 3.7 Pipeline Register Optimization | Checksum: 2e31b9077

Time (s): cpu = 00:00:02 ; elapsed = 00:00:05 . Memory (MB): peak = 1891.918 ; gain = 0.000
Phase 3 Detail Placement | Checksum: 2e31b9077

Time (s): cpu = 00:00:02 ; elapsed = 00:00:05 . Memory (MB): peak = 1891.918 ; gain = 0.000

Phase 4 Post Placement Optimization and Clean-Up

Phase 4.1 Post Commit Optimization
INFO: [Timing 38-35] Done setting XDC timing constraints.

Phase 4.1.1 Post Placement Optimization
Post Placement Optimization Initialization | Checksum: 28cf83683

Phase 4.1.1.1 BUFG Insertion

Starting Physical Synthesis Task

Phase 1 Physical Synthesis Initialization
INFO: [Physopt 32-721] Multithreading enabled for phys_opt_design using a maximum of 2 CPUs
INFO: [Physopt 32-619] Estimated Timing Summary | WNS=5.475 | TNS=0.000 |
Phase 1 Physical Synthesis Initialization | Checksum: 218f2ab51

Time (s): cpu = 00:00:00 ; elapsed = 00:00:00.034 . Memory (MB): peak = 1891.918 ; gain = 0.000
INFO: [Place 46-56] BUFG insertion identified 0 candidate nets. Inserted BUFG: 0, Replicated BUFG Driver: 0, Skipped due to Placement/Routing Conflicts: 0, Skipped due to Timing Degradation: 0, Skipped due to netlist editing failed: 0.
Ending Physical Synthesis Task | Checksum: 2617f6f1e

Time (s): cpu = 00:00:00 ; elapsed = 00:00:00.063 . Memory (MB): peak = 1891.918 ; gain = 0.000
Phase 4.1.1.1 BUFG Insertion | Checksum: 28cf83683

Time (s): cpu = 00:00:03 ; elapsed = 00:00:05 . Memory (MB): peak = 1891.918 ; gain = 0.000

Phase 4.1.1.2 Post Placement Timing Optimization
INFO: [Place 30-746] Post Placement Timing Summary WNS=5.475. For the most accurate timing information please run report_timing.
Phase 4.1.1.2 Post Placement Timing Optimization | Checksum: 244d523eb

Time (s): cpu = 00:00:03 ; elapsed = 00:00:05 . Memory (MB): peak = 1891.918 ; gain = 0.000

Time (s): cpu = 00:00:03 ; elapsed = 00:00:05 . Memory (MB): peak = 1891.918 ; gain = 0.000
Phase 4.1 Post Commit Optimization | Checksum: 244d523eb

Time (s): cpu = 00:00:03 ; elapsed = 00:00:05 . Memory (MB): peak = 1891.918 ; gain = 0.000

Phase 4.2 Post Placement Cleanup
Phase 4.2 Post Placement Cleanup | Checksum: 244d523eb

Time (s): cpu = 00:00:03 ; elapsed = 00:00:05 . Memory (MB): peak = 1891.918 ; gain = 0.000

Phase 4.3 Placer Reporting

Phase 4.3.1 Print Estimated Congestion
INFO: [Place 30-612] Post-Placement Estimated Congestion 
 ____________________________________________________
|           | Global Congestion | Short Congestion  |
| Direction | Region Size       | Region Size       |
|___________|___________________|___________________|
|      North|                1x1|                1x1|
|___________|___________________|___________________|
|      South|                1x1|                1x1|
|___________|___________________|___________________|
|       East|                1x1|                1x1|
|___________|___________________|___________________|
|       West|                1x1|                1x1|
|___________|___________________|___________________|

Phase 4.3.1 Print Estimated Congestion | Checksum: 244d523eb

Time (s): cpu = 00:00:03 ; elapsed = 00:00:05 . Memory (MB): peak = 1891.918 ; gain = 0.000
Phase 4.3 Placer Reporting | Checksum: 244d523eb

Time (s): cpu = 00:00:03 ; elapsed = 00:00:05 . Memory (MB): peak = 1891.918 ; gain = 0.000

Phase 4.4 Final Placement Cleanup
Netlist sorting complete. Time (s): cpu = 00:00:00 ; elapsed = 00:00:00.002 . Memory (MB): peak = 1891.918 ; gain = 0.000

Time (s): cpu = 00:00:03 ; elapsed = 00:00:05 . Memory (MB): peak = 1891.918 ; gain = 0.000
Phase 4 Post Placement Optimization and Clean-Up | Checksum: 2a75cbedf

Time (s): cpu = 00:00:03 ; elapsed = 00:00:05 . Memory (MB): peak = 1891.918 ; gain = 0.000
Ending Placer Task | Checksum: 20f9a2af2

Time (s): cpu = 00:00:03 ; elapsed = 00:00:05 . Memory (MB): peak = 1891.918 ; gain = 0.000
64 Infos, 5 Warnings, 0 Critical Warnings and 0 Errors encountered.
place_design completed successfully
place_design: Time (s): cpu = 00:00:03 ; elapsed = 00:00:07 . Memory (MB): peak = 1891.918 ; gain = 0.000
INFO: [Vivado 12-24838] Running report commands "report_control_sets, report_io, report_utilization" in parallel.
Running report generation with 2 threads.
INFO: [Vivado 12-24828] Executing command : report_io -file MatrixMult4x4_pipeline_io_placed.rpt
report_io: Time (s): cpu = 00:00:00 ; elapsed = 00:00:00.034 . Memory (MB): peak = 1891.918 ; gain = 0.000
INFO: [Vivado 12-24828] Executing command : report_control_sets -verbose -file MatrixMult4x4_pipeline_control_sets_placed.rpt
report_control_sets: Time (s): cpu = 00:00:00 ; elapsed = 00:00:00.006 . Memory (MB): peak = 1891.918 ; gain = 0.000
INFO: [Vivado 12-24828] Executing command : report_utilization -file MatrixMult4x4_pipeline_utilization_placed.rpt -pb MatrixMult4x4_pipeline_utilization_placed.pb
INFO: [Timing 38-480] Writing timing data to binary archive.
Write ShapeDB Complete: Time (s): cpu = 00:00:00 ; elapsed = 00:00:00.016 . Memory (MB): peak = 1891.918 ; gain = 0.000
Wrote PlaceDB: Time (s): cpu = 00:00:00 ; elapsed = 00:00:00.354 . Memory (MB): peak = 1893.852 ; gain = 1.934
Wrote PulsedLatchDB: Time (s): cpu = 00:00:00 ; elapsed = 00:00:00 . Memory (MB): peak = 1893.852 ; gain = 0.000
Writing XDEF routing.
Writing XDEF routing logical nets.
Writing XDEF routing special nets.
Wrote RouteStorage: Time (s): cpu = 00:00:00 ; elapsed = 00:00:00.016 . Memory (MB): peak = 1893.852 ; gain = 0.000
Wrote Netlist Cache: Time (s): cpu = 00:00:00 ; elapsed = 00:00:00.009 . Memory (MB): peak = 1893.852 ; gain = 0.000
Wrote Device Cache: Time (s): cpu = 00:00:00 ; elapsed = 00:00:00.004 . Memory (MB): peak = 1893.852 ; gain = 0.000
Write Physdb Complete: Time (s): cpu = 00:00:00 ; elapsed = 00:00:00.389 . Memory (MB): peak = 1893.852 ; gain = 1.934
INFO: [Common 17-1381] The checkpoint 'D:/SoCLyThuyet/MatrixMult_pipeline/MatrixMult_pipeline.runs/impl_1/MatrixMult4x4_pipeline_placed.dcp' has been generated.
Command: phys_opt_design
Attempting to get a license for feature 'Implementation' and/or device 'xc7a100t'
INFO: [Common 17-349] Got license for feature 'Implementation' and/or device 'xc7a100t'

Starting Initial Update Timing Task
WARNING: [Timing 38-242] The property HD.CLK_SRC of clock port "clk" is not set. In out-of-context mode, this prevents timing estimation for clock delay/skew
Resolution: Set the HD.CLK_SRC property of the out-of-context port to the location of the clock buffer instance in the top-level design

Time (s): cpu = 00:00:00 ; elapsed = 00:00:00.153 . Memory (MB): peak = 1906.422 ; gain = 12.570
INFO: [Vivado_Tcl 4-2279] Estimated Timing Summary | WNS= 5.475 | TNS= 0.000 | 
INFO: [Vivado_Tcl 4-383] Design worst setup slack (WNS) is greater than or equal to 0.000 ns. All physical synthesis setup optimizations will be skipped.
INFO: [Vivado_Tcl 4-232] No setup violation found. The netlist was not modified.
INFO: [Common 17-83] Releasing license: Implementation
75 Infos, 6 Warnings, 0 Critical Warnings and 0 Errors encountered.
phys_opt_design completed successfully
INFO: [Timing 38-480] Writing timing data to binary archive.
Write ShapeDB Complete: Time (s): cpu = 00:00:00 ; elapsed = 00:00:00.028 . Memory (MB): peak = 1926.141 ; gain = 1.898
Wrote PlaceDB: Time (s): cpu = 00:00:01 ; elapsed = 00:00:00.334 . Memory (MB): peak = 1926.141 ; gain = 1.848
Wrote PulsedLatchDB: Time (s): cpu = 00:00:00 ; elapsed = 00:00:00 . Memory (MB): peak = 1926.141 ; gain = 0.000
Writing XDEF routing.
Writing XDEF routing logical nets.
Writing XDEF routing special nets.
Wrote RouteStorage: Time (s): cpu = 00:00:00 ; elapsed = 00:00:00.014 . Memory (MB): peak = 1926.141 ; gain = 0.000
Wrote Netlist Cache: Time (s): cpu = 00:00:00 ; elapsed = 00:00:00.010 . Memory (MB): peak = 1926.141 ; gain = 0.000
Wrote Device Cache: Time (s): cpu = 00:00:00 ; elapsed = 00:00:00.004 . Memory (MB): peak = 1926.141 ; gain = 0.000
Write Physdb Complete: Time (s): cpu = 00:00:01 ; elapsed = 00:00:00.367 . Memory (MB): peak = 1926.141 ; gain = 1.848
INFO: [Common 17-1381] The checkpoint 'D:/SoCLyThuyet/MatrixMult_pipeline/MatrixMult_pipeline.runs/impl_1/MatrixMult4x4_pipeline_physopt.dcp' has been generated.
Command: route_design
Attempting to get a license for feature 'Implementation' and/or device 'xc7a100t'
INFO: [Common 17-349] Got license for feature 'Implementation' and/or device 'xc7a100t'


Starting Routing Task
INFO: [Route 35-254] Multithreading enabled for route_design using a maximum of 2 CPUs

Phase 1 Build RT Design
Checksum: PlaceDB: 76a00abc ConstDB: 0 ShapeSum: e727c0a0 RouteDB: b1d25f96
WARNING: [Route 35-198] Port "matrix_b[45]" does not have an associated HD.PARTPIN_LOCS, which will prevent the partial routing of the signal "matrix_b[45]". Without this partial route, timing analysis to/from this port will not be accurate, and no routing information for this port can be exported.
WARNING: [Route 35-198] Port "matrix_a[77]" does not have an associated HD.PARTPIN_LOCS, which will prevent the partial routing of the signal "matrix_a[77]". Without this partial route, timing analysis to/from this port will not be accurate, and no routing information for this port can be exported.
WARNING: [Route 35-198] Port "matrix_b[44]" does not have an associated HD.PARTPIN_LOCS, which will prevent the partial routing of the signal "matrix_b[44]". Without this partial route, timing analysis to/from this port will not be accurate, and no routing information for this port can be exported.
WARNING: [Route 35-198] Port "matrix_a[78]" does not have an associated HD.PARTPIN_LOCS, which will prevent the partial routing of the signal "matrix_a[78]". Without this partial route, timing analysis to/from this port will not be accurate, and no routing information for this port can be exported.
WARNING: [Route 35-198] Port "matrix_b[43]" does not have an associated HD.PARTPIN_LOCS, which will prevent the partial routing of the signal "matrix_b[43]". Without this partial route, timing analysis to/from this port will not be accurate, and no routing information for this port can be exported.
WARNING: [Route 35-198] Port "matrix_a[79]" does not have an associated HD.PARTPIN_LOCS, which will prevent the partial routing of the signal "matrix_a[79]". Without this partial route, timing analysis to/from this port will not be accurate, and no routing information for this port can be exported.
WARNING: [Route 35-197] Clock port "clk" does not have an associated HD.CLK_SRC. Without this constraint, timing analysis may not be accurate and upstream checks cannot be done to ensure correct clock placement.
WARNING: [Route 35-198] Port "start" does not have an associated HD.PARTPIN_LOCS, which will prevent the partial routing of the signal "start". Without this partial route, timing analysis to/from this port will not be accurate, and no routing information for this port can be exported.
WARNING: [Route 35-198] Port "rst" does not have an associated HD.PARTPIN_LOCS, which will prevent the partial routing of the signal "rst". Without this partial route, timing analysis to/from this port will not be accurate, and no routing information for this port can be exported.
WARNING: [Route 35-198] Port "matrix_a[87]" does not have an associated HD.PARTPIN_LOCS, which will prevent the partial routing of the signal "matrix_a[87]". Without this partial route, timing analysis to/from this port will not be accurate, and no routing information for this port can be exported.
WARNING: [Route 35-198] Port "matrix_a[86]" does not have an associated HD.PARTPIN_LOCS, which will prevent the partial routing of the signal "matrix_a[86]". Without this partial route, timing analysis to/from this port will not be accurate, and no routing information for this port can be exported.
WARNING: [Route 35-198] Port "matrix_b[79]" does not have an associated HD.PARTPIN_LOCS, which will prevent the partial routing of the signal "matrix_b[79]". Without this partial route, timing analysis to/from this port will not be accurate, and no routing information for this port can be exported.
WARNING: [Route 35-198] Port "matrix_a[74]" does not have an associated HD.PARTPIN_LOCS, which will prevent the partial routing of the signal "matrix_a[74]". Without this partial route, timing analysis to/from this port will not be accurate, and no routing information for this port can be exported.
WARNING: [Route 35-198] Port "matrix_a[75]" does not have an associated HD.PARTPIN_LOCS, which will prevent the partial routing of the signal "matrix_a[75]". Without this partial route, timing analysis to/from this port will not be accurate, and no routing information for this port can be exported.
WARNING: [Route 35-198] Port "matrix_a[76]" does not have an associated HD.PARTPIN_LOCS, which will prevent the partial routing of the signal "matrix_a[76]". Without this partial route, timing analysis to/from this port will not be accurate, and no routing information for this port can be exported.
WARNING: [Route 35-198] Port "matrix_b[46]" does not have an associated HD.PARTPIN_LOCS, which will prevent the partial routing of the signal "matrix_b[46]". Without this partial route, timing analysis to/from this port will not be accurate, and no routing information for this port can be exported.
WARNING: [Route 35-198] Port "matrix_a[73]" does not have an associated HD.PARTPIN_LOCS, which will prevent the partial routing of the signal "matrix_a[73]". Without this partial route, timing analysis to/from this port will not be accurate, and no routing information for this port can be exported.
WARNING: [Route 35-198] Port "matrix_b[77]" does not have an associated HD.PARTPIN_LOCS, which will prevent the partial routing of the signal "matrix_b[77]". Without this partial route, timing analysis to/from this port will not be accurate, and no routing information for this port can be exported.
WARNING: [Route 35-198] Port "matrix_a[85]" does not have an associated HD.PARTPIN_LOCS, which will prevent the partial routing of the signal "matrix_a[85]". Without this partial route, timing analysis to/from this port will not be accurate, and no routing information for this port can be exported.
WARNING: [Route 35-198] Port "matrix_b[76]" does not have an associated HD.PARTPIN_LOCS, which will prevent the partial routing of the signal "matrix_b[76]". Without this partial route, timing analysis to/from this port will not be accurate, and no routing information for this port can be exported.
WARNING: [Route 35-198] Port "matrix_b[75]" does not have an associated HD.PARTPIN_LOCS, which will prevent the partial routing of the signal "matrix_b[75]". Without this partial route, timing analysis to/from this port will not be accurate, and no routing information for this port can be exported.
WARNING: [Route 35-198] Port "matrix_b[78]" does not have an associated HD.PARTPIN_LOCS, which will prevent the partial routing of the signal "matrix_b[78]". Without this partial route, timing analysis to/from this port will not be accurate, and no routing information for this port can be exported.
WARNING: [Route 35-198] Port "matrix_a[84]" does not have an associated HD.PARTPIN_LOCS, which will prevent the partial routing of the signal "matrix_a[84]". Without this partial route, timing analysis to/from this port will not be accurate, and no routing information for this port can be exported.
WARNING: [Route 35-198] Port "matrix_b[47]" does not have an associated HD.PARTPIN_LOCS, which will prevent the partial routing of the signal "matrix_b[47]". Without this partial route, timing analysis to/from this port will not be accurate, and no routing information for this port can be exported.
WARNING: [Route 35-198] Port "matrix_a[72]" does not have an associated HD.PARTPIN_LOCS, which will prevent the partial routing of the signal "matrix_a[72]". Without this partial route, timing analysis to/from this port will not be accurate, and no routing information for this port can be exported.
WARNING: [Route 35-198] Port "matrix_a[83]" does not have an associated HD.PARTPIN_LOCS, which will prevent the partial routing of the signal "matrix_a[83]". Without this partial route, timing analysis to/from this port will not be accurate, and no routing information for this port can be exported.
WARNING: [Route 35-198] Port "matrix_a[81]" does not have an associated HD.PARTPIN_LOCS, which will prevent the partial routing of the signal "matrix_a[81]". Without this partial route, timing analysis to/from this port will not be accurate, and no routing information for this port can be exported.
WARNING: [Route 35-198] Port "matrix_a[82]" does not have an associated HD.PARTPIN_LOCS, which will prevent the partial routing of the signal "matrix_a[82]". Without this partial route, timing analysis to/from this port will not be accurate, and no routing information for this port can be exported.
WARNING: [Route 35-198] Port "matrix_a[80]" does not have an associated HD.PARTPIN_LOCS, which will prevent the partial routing of the signal "matrix_a[80]". Without this partial route, timing analysis to/from this port will not be accurate, and no routing information for this port can be exported.
WARNING: [Route 35-198] Port "matrix_b[74]" does not have an associated HD.PARTPIN_LOCS, which will prevent the partial routing of the signal "matrix_b[74]". Without this partial route, timing analysis to/from this port will not be accurate, and no routing information for this port can be exported.
WARNING: [Route 35-198] Port "matrix_a[20]" does not have an associated HD.PARTPIN_LOCS, which will prevent the partial routing of the signal "matrix_a[20]". Without this partial route, timing analysis to/from this port will not be accurate, and no routing information for this port can be exported.
WARNING: [Route 35-198] Port "matrix_a[95]" does not have an associated HD.PARTPIN_LOCS, which will prevent the partial routing of the signal "matrix_a[95]". Without this partial route, timing analysis to/from this port will not be accurate, and no routing information for this port can be exported.
WARNING: [Route 35-198] Port "matrix_a[94]" does not have an associated HD.PARTPIN_LOCS, which will prevent the partial routing of the signal "matrix_a[94]". Without this partial route, timing analysis to/from this port will not be accurate, and no routing information for this port can be exported.
WARNING: [Route 35-198] Port "matrix_b[111]" does not have an associated HD.PARTPIN_LOCS, which will prevent the partial routing of the signal "matrix_b[111]". Without this partial route, timing analysis to/from this port will not be accurate, and no routing information for this port can be exported.
WARNING: [Route 35-198] Port "matrix_b[73]" does not have an associated HD.PARTPIN_LOCS, which will prevent the partial routing of the signal "matrix_b[73]". Without this partial route, timing analysis to/from this port will not be accurate, and no routing information for this port can be exported.
WARNING: [Route 35-198] Port "matrix_b[72]" does not have an associated HD.PARTPIN_LOCS, which will prevent the partial routing of the signal "matrix_b[72]". Without this partial route, timing analysis to/from this port will not be accurate, and no routing information for this port can be exported.
WARNING: [Route 35-198] Port "matrix_a[12]" does not have an associated HD.PARTPIN_LOCS, which will prevent the partial routing of the signal "matrix_a[12]". Without this partial route, timing analysis to/from this port will not be accurate, and no routing information for this port can be exported.
WARNING: [Route 35-198] Port "matrix_b[109]" does not have an associated HD.PARTPIN_LOCS, which will prevent the partial routing of the signal "matrix_b[109]". Without this partial route, timing analysis to/from this port will not be accurate, and no routing information for this port can be exported.
WARNING: [Route 35-198] Port "matrix_a[93]" does not have an associated HD.PARTPIN_LOCS, which will prevent the partial routing of the signal "matrix_a[93]". Without this partial route, timing analysis to/from this port will not be accurate, and no routing information for this port can be exported.
WARNING: [Route 35-198] Port "matrix_b[108]" does not have an associated HD.PARTPIN_LOCS, which will prevent the partial routing of the signal "matrix_b[108]". Without this partial route, timing analysis to/from this port will not be accurate, and no routing information for this port can be exported.
WARNING: [Route 35-198] Port "matrix_b[107]" does not have an associated HD.PARTPIN_LOCS, which will prevent the partial routing of the signal "matrix_b[107]". Without this partial route, timing analysis to/from this port will not be accurate, and no routing information for this port can be exported.
WARNING: [Route 35-198] Port "matrix_b[110]" does not have an associated HD.PARTPIN_LOCS, which will prevent the partial routing of the signal "matrix_b[110]". Without this partial route, timing analysis to/from this port will not be accurate, and no routing information for this port can be exported.
WARNING: [Route 35-198] Port "matrix_a[92]" does not have an associated HD.PARTPIN_LOCS, which will prevent the partial routing of the signal "matrix_a[92]". Without this partial route, timing analysis to/from this port will not be accurate, and no routing information for this port can be exported.
WARNING: [Route 35-198] Port "matrix_a[71]" does not have an associated HD.PARTPIN_LOCS, which will prevent the partial routing of the signal "matrix_a[71]". Without this partial route, timing analysis to/from this port will not be accurate, and no routing information for this port can be exported.
WARNING: [Route 35-198] Port "matrix_a[70]" does not have an associated HD.PARTPIN_LOCS, which will prevent the partial routing of the signal "matrix_a[70]". Without this partial route, timing analysis to/from this port will not be accurate, and no routing information for this port can be exported.
WARNING: [Route 35-198] Port "matrix_b[15]" does not have an associated HD.PARTPIN_LOCS, which will prevent the partial routing of the signal "matrix_b[15]". Without this partial route, timing analysis to/from this port will not be accurate, and no routing information for this port can be exported.
WARNING: [Route 35-198] Port "matrix_a[90]" does not have an associated HD.PARTPIN_LOCS, which will prevent the partial routing of the signal "matrix_a[90]". Without this partial route, timing analysis to/from this port will not be accurate, and no routing information for this port can be exported.
WARNING: [Route 35-198] Port "matrix_a[91]" does not have an associated HD.PARTPIN_LOCS, which will prevent the partial routing of the signal "matrix_a[91]". Without this partial route, timing analysis to/from this port will not be accurate, and no routing information for this port can be exported.
WARNING: [Route 35-198] Port "matrix_a[88]" does not have an associated HD.PARTPIN_LOCS, which will prevent the partial routing of the signal "matrix_a[88]". Without this partial route, timing analysis to/from this port will not be accurate, and no routing information for this port can be exported.
WARNING: [Route 35-198] Port "matrix_b[42]" does not have an associated HD.PARTPIN_LOCS, which will prevent the partial routing of the signal "matrix_b[42]". Without this partial route, timing analysis to/from this port will not be accurate, and no routing information for this port can be exported.
WARNING: [Route 35-198] Port "matrix_a[89]" does not have an associated HD.PARTPIN_LOCS, which will prevent the partial routing of the signal "matrix_a[89]". Without this partial route, timing analysis to/from this port will not be accurate, and no routing information for this port can be exported.
WARNING: [Route 35-198] Port "matrix_b[13]" does not have an associated HD.PARTPIN_LOCS, which will prevent the partial routing of the signal "matrix_b[13]". Without this partial route, timing analysis to/from this port will not be accurate, and no routing information for this port can be exported.
WARNING: [Route 35-198] Port "matrix_b[12]" does not have an associated HD.PARTPIN_LOCS, which will prevent the partial routing of the signal "matrix_b[12]". Without this partial route, timing analysis to/from this port will not be accurate, and no routing information for this port can be exported.
WARNING: [Route 35-198] Port "matrix_b[11]" does not have an associated HD.PARTPIN_LOCS, which will prevent the partial routing of the signal "matrix_b[11]". Without this partial route, timing analysis to/from this port will not be accurate, and no routing information for this port can be exported.
WARNING: [Route 35-198] Port "matrix_a[69]" does not have an associated HD.PARTPIN_LOCS, which will prevent the partial routing of the signal "matrix_a[69]". Without this partial route, timing analysis to/from this port will not be accurate, and no routing information for this port can be exported.
WARNING: [Route 35-198] Port "matrix_b[14]" does not have an associated HD.PARTPIN_LOCS, which will prevent the partial routing of the signal "matrix_b[14]". Without this partial route, timing analysis to/from this port will not be accurate, and no routing information for this port can be exported.
WARNING: [Route 35-198] Port "matrix_a[68]" does not have an associated HD.PARTPIN_LOCS, which will prevent the partial routing of the signal "matrix_a[68]". Without this partial route, timing analysis to/from this port will not be accurate, and no routing information for this port can be exported.
WARNING: [Route 35-198] Port "matrix_b[6]" does not have an associated HD.PARTPIN_LOCS, which will prevent the partial routing of the signal "matrix_b[6]". Without this partial route, timing analysis to/from this port will not be accurate, and no routing information for this port can be exported.
WARNING: [Route 35-198] Port "matrix_b[41]" does not have an associated HD.PARTPIN_LOCS, which will prevent the partial routing of the signal "matrix_b[41]". Without this partial route, timing analysis to/from this port will not be accurate, and no routing information for this port can be exported.
WARNING: [Route 35-198] Port "matrix_b[40]" does not have an associated HD.PARTPIN_LOCS, which will prevent the partial routing of the signal "matrix_b[40]". Without this partial route, timing analysis to/from this port will not be accurate, and no routing information for this port can be exported.
WARNING: [Route 35-198] Port "matrix_a[28]" does not have an associated HD.PARTPIN_LOCS, which will prevent the partial routing of the signal "matrix_a[28]". Without this partial route, timing analysis to/from this port will not be accurate, and no routing information for this port can be exported.
WARNING: [Route 35-198] Port "matrix_b[106]" does not have an associated HD.PARTPIN_LOCS, which will prevent the partial routing of the signal "matrix_b[106]". Without this partial route, timing analysis to/from this port will not be accurate, and no routing information for this port can be exported.
WARNING: [Route 35-198] Port "matrix_b[105]" does not have an associated HD.PARTPIN_LOCS, which will prevent the partial routing of the signal "matrix_b[105]". Without this partial route, timing analysis to/from this port will not be accurate, and no routing information for this port can be exported.
WARNING: [Route 35-198] Port "matrix_b[104]" does not have an associated HD.PARTPIN_LOCS, which will prevent the partial routing of the signal "matrix_b[104]". Without this partial route, timing analysis to/from this port will not be accurate, and no routing information for this port can be exported.
WARNING: [Route 35-198] Port "matrix_a[67]" does not have an associated HD.PARTPIN_LOCS, which will prevent the partial routing of the signal "matrix_a[67]". Without this partial route, timing analysis to/from this port will not be accurate, and no routing information for this port can be exported.
WARNING: [Route 35-198] Port "matrix_a[65]" does not have an associated HD.PARTPIN_LOCS, which will prevent the partial routing of the signal "matrix_a[65]". Without this partial route, timing analysis to/from this port will not be accurate, and no routing information for this port can be exported.
WARNING: [Route 35-198] Port "matrix_a[66]" does not have an associated HD.PARTPIN_LOCS, which will prevent the partial routing of the signal "matrix_a[66]". Without this partial route, timing analysis to/from this port will not be accurate, and no routing information for this port can be exported.
WARNING: [Route 35-198] Port "matrix_a[64]" does not have an associated HD.PARTPIN_LOCS, which will prevent the partial routing of the signal "matrix_a[64]". Without this partial route, timing analysis to/from this port will not be accurate, and no routing information for this port can be exported.
WARNING: [Route 35-198] Port "matrix_b[38]" does not have an associated HD.PARTPIN_LOCS, which will prevent the partial routing of the signal "matrix_b[38]". Without this partial route, timing analysis to/from this port will not be accurate, and no routing information for this port can be exported.
WARNING: [Route 35-198] Port "matrix_b[10]" does not have an associated HD.PARTPIN_LOCS, which will prevent the partial routing of the signal "matrix_b[10]". Without this partial route, timing analysis to/from this port will not be accurate, and no routing information for this port can be exported.
WARNING: [Route 35-198] Port "matrix_b[70]" does not have an associated HD.PARTPIN_LOCS, which will prevent the partial routing of the signal "matrix_b[70]". Without this partial route, timing analysis to/from this port will not be accurate, and no routing information for this port can be exported.
WARNING: [Route 35-198] Port "matrix_a[4]" does not have an associated HD.PARTPIN_LOCS, which will prevent the partial routing of the signal "matrix_a[4]". Without this partial route, timing analysis to/from this port will not be accurate, and no routing information for this port can be exported.
WARNING: [Route 35-198] Port "matrix_b[9]" does not have an associated HD.PARTPIN_LOCS, which will prevent the partial routing of the signal "matrix_b[9]". Without this partial route, timing analysis to/from this port will not be accurate, and no routing information for this port can be exported.
WARNING: [Route 35-198] Port "matrix_b[8]" does not have an associated HD.PARTPIN_LOCS, which will prevent the partial routing of the signal "matrix_b[8]". Without this partial route, timing analysis to/from this port will not be accurate, and no routing information for this port can be exported.
WARNING: [Route 35-198] Port "matrix_b[102]" does not have an associated HD.PARTPIN_LOCS, which will prevent the partial routing of the signal "matrix_b[102]". Without this partial route, timing analysis to/from this port will not be accurate, and no routing information for this port can be exported.
WARNING: [Route 35-198] Port "matrix_b[39]" does not have an associated HD.PARTPIN_LOCS, which will prevent the partial routing of the signal "matrix_b[39]". Without this partial route, timing analysis to/from this port will not be accurate, and no routing information for this port can be exported.
WARNING: [Route 35-198] Port "matrix_b[37]" does not have an associated HD.PARTPIN_LOCS, which will prevent the partial routing of the signal "matrix_b[37]". Without this partial route, timing analysis to/from this port will not be accurate, and no routing information for this port can be exported.
WARNING: [Route 35-198] Port "matrix_b[36]" does not have an associated HD.PARTPIN_LOCS, which will prevent the partial routing of the signal "matrix_b[36]". Without this partial route, timing analysis to/from this port will not be accurate, and no routing information for this port can be exported.
WARNING: [Route 35-198] Port "matrix_b[35]" does not have an associated HD.PARTPIN_LOCS, which will prevent the partial routing of the signal "matrix_b[35]". Without this partial route, timing analysis to/from this port will not be accurate, and no routing information for this port can be exported.
WARNING: [Route 35-198] Port "matrix_b[71]" does not have an associated HD.PARTPIN_LOCS, which will prevent the partial routing of the signal "matrix_b[71]". Without this partial route, timing analysis to/from this port will not be accurate, and no routing information for this port can be exported.
WARNING: [Route 35-198] Port "matrix_b[34]" does not have an associated HD.PARTPIN_LOCS, which will prevent the partial routing of the signal "matrix_b[34]". Without this partial route, timing analysis to/from this port will not be accurate, and no routing information for this port can be exported.
WARNING: [Route 35-198] Port "matrix_b[103]" does not have an associated HD.PARTPIN_LOCS, which will prevent the partial routing of the signal "matrix_b[103]". Without this partial route, timing analysis to/from this port will not be accurate, and no routing information for this port can be exported.
WARNING: [Route 35-198] Port "matrix_a[115]" does not have an associated HD.PARTPIN_LOCS, which will prevent the partial routing of the signal "matrix_a[115]". Without this partial route, timing analysis to/from this port will not be accurate, and no routing information for this port can be exported.
WARNING: [Route 35-198] Port "matrix_a[116]" does not have an associated HD.PARTPIN_LOCS, which will prevent the partial routing of the signal "matrix_a[116]". Without this partial route, timing analysis to/from this port will not be accurate, and no routing information for this port can be exported.
WARNING: [Route 35-198] Port "matrix_a[117]" does not have an associated HD.PARTPIN_LOCS, which will prevent the partial routing of the signal "matrix_a[117]". Without this partial route, timing analysis to/from this port will not be accurate, and no routing information for this port can be exported.
WARNING: [Route 35-198] Port "matrix_a[118]" does not have an associated HD.PARTPIN_LOCS, which will prevent the partial routing of the signal "matrix_a[118]". Without this partial route, timing analysis to/from this port will not be accurate, and no routing information for this port can be exported.
WARNING: [Route 35-198] Port "matrix_a[119]" does not have an associated HD.PARTPIN_LOCS, which will prevent the partial routing of the signal "matrix_a[119]". Without this partial route, timing analysis to/from this port will not be accurate, and no routing information for this port can be exported.
WARNING: [Route 35-198] Port "matrix_b[69]" does not have an associated HD.PARTPIN_LOCS, which will prevent the partial routing of the signal "matrix_b[69]". Without this partial route, timing analysis to/from this port will not be accurate, and no routing information for this port can be exported.
WARNING: [Route 35-198] Port "matrix_b[68]" does not have an associated HD.PARTPIN_LOCS, which will prevent the partial routing of the signal "matrix_b[68]". Without this partial route, timing analysis to/from this port will not be accurate, and no routing information for this port can be exported.
WARNING: [Route 35-198] Port "matrix_b[67]" does not have an associated HD.PARTPIN_LOCS, which will prevent the partial routing of the signal "matrix_b[67]". Without this partial route, timing analysis to/from this port will not be accurate, and no routing information for this port can be exported.
WARNING: [Route 35-198] Port "matrix_b[7]" does not have an associated HD.PARTPIN_LOCS, which will prevent the partial routing of the signal "matrix_b[7]". Without this partial route, timing analysis to/from this port will not be accurate, and no routing information for this port can be exported.
WARNING: [Route 35-198] Port "matrix_a[113]" does not have an associated HD.PARTPIN_LOCS, which will prevent the partial routing of the signal "matrix_a[113]". Without this partial route, timing analysis to/from this port will not be accurate, and no routing information for this port can be exported.
WARNING: [Route 35-198] Port "matrix_a[114]" does not have an associated HD.PARTPIN_LOCS, which will prevent the partial routing of the signal "matrix_a[114]". Without this partial route, timing analysis to/from this port will not be accurate, and no routing information for this port can be exported.
WARNING: [Route 35-198] Port "matrix_b[33]" does not have an associated HD.PARTPIN_LOCS, which will prevent the partial routing of the signal "matrix_b[33]". Without this partial route, timing analysis to/from this port will not be accurate, and no routing information for this port can be exported.
WARNING: [Route 35-198] Port "matrix_b[32]" does not have an associated HD.PARTPIN_LOCS, which will prevent the partial routing of the signal "matrix_b[32]". Without this partial route, timing analysis to/from this port will not be accurate, and no routing information for this port can be exported.
WARNING: [Route 35-198] Port "matrix_b[101]" does not have an associated HD.PARTPIN_LOCS, which will prevent the partial routing of the signal "matrix_b[101]". Without this partial route, timing analysis to/from this port will not be accurate, and no routing information for this port can be exported.
WARNING: [Route 35-198] Port "matrix_b[100]" does not have an associated HD.PARTPIN_LOCS, which will prevent the partial routing of the signal "matrix_b[100]". Without this partial route, timing analysis to/from this port will not be accurate, and no routing information for this port can be exported.
WARNING: [Route 35-198] Port "matrix_b[99]" does not have an associated HD.PARTPIN_LOCS, which will prevent the partial routing of the signal "matrix_b[99]". Without this partial route, timing analysis to/from this port will not be accurate, and no routing information for this port can be exported.
WARNING: [Route 35-198] Port "matrix_a[112]" does not have an associated HD.PARTPIN_LOCS, which will prevent the partial routing of the signal "matrix_a[112]". Without this partial route, timing analysis to/from this port will not be accurate, and no routing information for this port can be exported.
WARNING: [Route 35-198] Port "matrix_b[66]" does not have an associated HD.PARTPIN_LOCS, which will prevent the partial routing of the signal "matrix_b[66]". Without this partial route, timing analysis to/from this port will not be accurate, and no routing information for this port can be exported.
WARNING: [Route 35-198] Port "matrix_b[65]" does not have an associated HD.PARTPIN_LOCS, which will prevent the partial routing of the signal "matrix_b[65]". Without this partial route, timing analysis to/from this port will not be accurate, and no routing information for this port can be exported.
INFO: [Common 17-14] Message 'Route 35-198' appears 100 times and further instances of the messages will be disabled. Use the Tcl command set_msg_config to change the current settings.
WARNING: [Constraints 18-8777] Unable to split tiles. All required files are not available.
Post Restoration Checksum: NetGraph: 8cf24803 | NumContArr: 3178a0d | Constraints: c2a8fa9d | Timing: c2a8fa9d
Phase 1 Build RT Design | Checksum: 2155bc74a

Time (s): cpu = 00:00:04 ; elapsed = 00:00:24 . Memory (MB): peak = 2055.316 ; gain = 129.176

Phase 2 Router Initialization

Phase 2.1 Fix Topology Constraints
Phase 2.1 Fix Topology Constraints | Checksum: 2155bc74a

Time (s): cpu = 00:00:04 ; elapsed = 00:00:24 . Memory (MB): peak = 2055.316 ; gain = 129.176

Phase 2.2 Pre Route Cleanup
Phase 2.2 Pre Route Cleanup | Checksum: 2155bc74a

Time (s): cpu = 00:00:04 ; elapsed = 00:00:24 . Memory (MB): peak = 2055.316 ; gain = 129.176
 Number of Nodes with overlaps = 0

Phase 2.3 Update Timing
Phase 2.3 Update Timing | Checksum: 293f93356

Time (s): cpu = 00:00:05 ; elapsed = 00:00:25 . Memory (MB): peak = 2061.523 ; gain = 135.383
INFO: [Route 35-416] Intermediate Timing Summary | WNS=5.515  | TNS=0.000  | WHS=0.141  | THS=0.000  |


Phase 2.4 Soft Constraint Pins - Fast Budgeting
Phase 2.4 Soft Constraint Pins - Fast Budgeting | Checksum: 2873d27eb

Time (s): cpu = 00:00:05 ; elapsed = 00:00:25 . Memory (MB): peak = 2102.641 ; gain = 176.500

Router Utilization Summary
  Global Vertical Routing Utilization    = 0 %
  Global Horizontal Routing Utilization  = 0 %
  Routable Net Status*
  *Does not include unroutable nets such as driverless and loadless.
  Run report_route_status for detailed report.
  Number of Failed Nets               = 6803
    (Failed Nets is the sum of unrouted and partially routed nets)
  Number of Unrouted Nets             = 6803
  Number of Partially Routed Nets     = 0
  Number of Node Overlaps             = 0

Phase 2 Router Initialization | Checksum: 2873d27eb

Time (s): cpu = 00:00:05 ; elapsed = 00:00:25 . Memory (MB): peak = 2102.641 ; gain = 176.500

Phase 3 Global Routing
Phase 3 Global Routing | Checksum: 2873d27eb

Time (s): cpu = 00:00:05 ; elapsed = 00:00:25 . Memory (MB): peak = 2102.641 ; gain = 176.500

Phase 4 Initial Routing

Phase 4.1 Initial Net Routing Pass
Phase 4.1 Initial Net Routing Pass | Checksum: 1cfc44d89

Time (s): cpu = 00:00:05 ; elapsed = 00:00:25 . Memory (MB): peak = 2102.641 ; gain = 176.500
Phase 4 Initial Routing | Checksum: 1cfc44d89

Time (s): cpu = 00:00:05 ; elapsed = 00:00:25 . Memory (MB): peak = 2102.641 ; gain = 176.500

Phase 5 Rip-up And Reroute

Phase 5.1 Global Iteration 0
 Number of Nodes with overlaps = 717
 Number of Nodes with overlaps = 5
 Number of Nodes with overlaps = 0
INFO: [Route 35-416] Intermediate Timing Summary | WNS=3.437  | TNS=0.000  | WHS=N/A    | THS=N/A    |

Phase 5.1 Global Iteration 0 | Checksum: 1c628a0f8

Time (s): cpu = 00:00:05 ; elapsed = 00:00:26 . Memory (MB): peak = 2102.641 ; gain = 176.500
Phase 5 Rip-up And Reroute | Checksum: 1c628a0f8

Time (s): cpu = 00:00:05 ; elapsed = 00:00:26 . Memory (MB): peak = 2102.641 ; gain = 176.500

Phase 6 Delay and Skew Optimization

Phase 6.1 Delay CleanUp
Phase 6.1 Delay CleanUp | Checksum: 1c628a0f8

Time (s): cpu = 00:00:05 ; elapsed = 00:00:26 . Memory (MB): peak = 2102.641 ; gain = 176.500

Phase 6.2 Clock Skew Optimization
Phase 6.2 Clock Skew Optimization | Checksum: 1c628a0f8

Time (s): cpu = 00:00:05 ; elapsed = 00:00:26 . Memory (MB): peak = 2102.641 ; gain = 176.500
Phase 6 Delay and Skew Optimization | Checksum: 1c628a0f8

Time (s): cpu = 00:00:05 ; elapsed = 00:00:26 . Memory (MB): peak = 2102.641 ; gain = 176.500

Phase 7 Post Hold Fix

Phase 7.1 Hold Fix Iter
INFO: [Route 35-416] Intermediate Timing Summary | WNS=3.437  | TNS=0.000  | WHS=0.125  | THS=0.000  |

Phase 7.1 Hold Fix Iter | Checksum: 20005b1a5

Time (s): cpu = 00:00:05 ; elapsed = 00:00:26 . Memory (MB): peak = 2102.641 ; gain = 176.500
Phase 7 Post Hold Fix | Checksum: 20005b1a5

Time (s): cpu = 00:00:05 ; elapsed = 00:00:26 . Memory (MB): peak = 2102.641 ; gain = 176.500

Phase 8 Route finalize

Router Utilization Summary
  Global Vertical Routing Utilization    = 0.429342 %
  Global Horizontal Routing Utilization  = 0.595695 %
  Routable Net Status*
  *Does not include unroutable nets such as driverless and loadless.
  Run report_route_status for detailed report.
  Number of Failed Nets               = 0
    (Failed Nets is the sum of unrouted and partially routed nets)
  Number of Unrouted Nets             = 0
  Number of Partially Routed Nets     = 0
  Number of Node Overlaps             = 0

Phase 8 Route finalize | Checksum: 20005b1a5

Time (s): cpu = 00:00:05 ; elapsed = 00:00:26 . Memory (MB): peak = 2102.641 ; gain = 176.500

Phase 9 Verifying routed nets

 Verification completed successfully
Phase 9 Verifying routed nets | Checksum: 20005b1a5

Time (s): cpu = 00:00:05 ; elapsed = 00:00:26 . Memory (MB): peak = 2102.641 ; gain = 176.500

Phase 10 Depositing Routes
Phase 10 Depositing Routes | Checksum: 16f86691e

Time (s): cpu = 00:00:05 ; elapsed = 00:00:26 . Memory (MB): peak = 2102.641 ; gain = 176.500

Phase 11 Post Process Routing
Phase 11 Post Process Routing | Checksum: 16f86691e

Time (s): cpu = 00:00:05 ; elapsed = 00:00:26 . Memory (MB): peak = 2102.641 ; gain = 176.500

Phase 12 Post Router Timing
INFO: [Route 35-57] Estimated Timing Summary | WNS=3.437  | TNS=0.000  | WHS=0.125  | THS=0.000  |

INFO: [Route 35-327] The final timing numbers are based on the router estimated timing analysis. For a complete and accurate timing signoff, please run report_timing_summary.
Phase 12 Post Router Timing | Checksum: 16f86691e

Time (s): cpu = 00:00:05 ; elapsed = 00:00:26 . Memory (MB): peak = 2102.641 ; gain = 176.500
Total Elapsed time in route_design: 26.37 secs

Phase 13 Post-Route Event Processing
Phase 13 Post-Route Event Processing | Checksum: 10b8b66d6

Time (s): cpu = 00:00:05 ; elapsed = 00:00:26 . Memory (MB): peak = 2102.641 ; gain = 176.500
INFO: [Route 35-16] Router Completed Successfully
Ending Routing Task | Checksum: 10b8b66d6

Time (s): cpu = 00:00:05 ; elapsed = 00:00:26 . Memory (MB): peak = 2102.641 ; gain = 176.500

Routing Is Done.
INFO: [Common 17-83] Releasing license: Implementation
87 Infos, 108 Warnings, 0 Critical Warnings and 0 Errors encountered.
route_design completed successfully
route_design: Time (s): cpu = 00:00:05 ; elapsed = 00:00:27 . Memory (MB): peak = 2102.641 ; gain = 176.500
INFO: [Vivado 12-24828] Executing command : report_drc -file MatrixMult4x4_pipeline_drc_routed.rpt -pb MatrixMult4x4_pipeline_drc_routed.pb -rpx MatrixMult4x4_pipeline_drc_routed.rpx
Command: report_drc -file MatrixMult4x4_pipeline_drc_routed.rpt -pb MatrixMult4x4_pipeline_drc_routed.pb -rpx MatrixMult4x4_pipeline_drc_routed.rpx
INFO: [IP_Flow 19-1839] IP Catalog is up to date.
INFO: [DRC 23-27] Running DRC with 2 threads
WARNING: [DRC 23-814] Not all possible (connectivity based) DRCs may have been run because this design is seen as Out of Context.
INFO: [Vivado_Tcl 2-168] The results of DRC are in file D:/SoCLyThuyet/MatrixMult_pipeline/MatrixMult_pipeline.runs/impl_1/MatrixMult4x4_pipeline_drc_routed.rpt.
report_drc completed successfully
INFO: [Vivado 12-24828] Executing command : report_methodology -file MatrixMult4x4_pipeline_methodology_drc_routed.rpt -pb MatrixMult4x4_pipeline_methodology_drc_routed.pb -rpx MatrixMult4x4_pipeline_methodology_drc_routed.rpx
Command: report_methodology -file MatrixMult4x4_pipeline_methodology_drc_routed.rpt -pb MatrixMult4x4_pipeline_methodology_drc_routed.pb -rpx MatrixMult4x4_pipeline_methodology_drc_routed.rpx
INFO: [Timing 38-35] Done setting XDC timing constraints.
WARNING: [Timing 38-242] The property HD.CLK_SRC of clock port "clk" is not set. In out-of-context mode, this prevents timing estimation for clock delay/skew
Resolution: Set the HD.CLK_SRC property of the out-of-context port to the location of the clock buffer instance in the top-level design
INFO: [DRC 23-133] Running Methodology with 2 threads
WARNING: [DRC 23-814] Not all possible (connectivity based) DRCs may have been run because this design is seen as Out of Context.
INFO: [Vivado_Tcl 2-1520] The results of Report Methodology are in file D:/SoCLyThuyet/MatrixMult_pipeline/MatrixMult_pipeline.runs/impl_1/MatrixMult4x4_pipeline_methodology_drc_routed.rpt.
report_methodology completed successfully
INFO: [Vivado 12-24828] Executing command : report_timing_summary -max_paths 10 -routable_nets -report_unconstrained -file MatrixMult4x4_pipeline_timing_summary_routed.rpt -pb MatrixMult4x4_pipeline_timing_summary_routed.pb -rpx MatrixMult4x4_pipeline_timing_summary_routed.rpx -warn_on_violation 
INFO: [Timing 38-35] Done setting XDC timing constraints.
INFO: [Timing 38-91] UpdateTimingParams: Speed grade: -1, Delay Type: min_max.
INFO: [Timing 38-191] Multithreading enabled for timing update using a maximum of 2 CPUs
INFO: [Vivado 12-24838] Running report commands "report_incremental_reuse, report_route_status" in parallel.
Running report generation with 2 threads.
INFO: [Vivado 12-24828] Executing command : report_incremental_reuse -file MatrixMult4x4_pipeline_incremental_reuse_routed.rpt
INFO: [Vivado_Tcl 4-1062] Incremental flow is disabled. No incremental reuse Info to report.
INFO: [Vivado 12-24828] Executing command : report_route_status -file MatrixMult4x4_pipeline_route_status.rpt -pb MatrixMult4x4_pipeline_route_status.pb
INFO: [Vivado 12-24828] Executing command : report_power -file MatrixMult4x4_pipeline_power_routed.rpt -pb MatrixMult4x4_pipeline_power_summary_routed.pb -rpx MatrixMult4x4_pipeline_power_routed.rpx
Command: report_power -file MatrixMult4x4_pipeline_power_routed.rpt -pb MatrixMult4x4_pipeline_power_summary_routed.pb -rpx MatrixMult4x4_pipeline_power_routed.rpx
Running Vector-less Activity Propagation...

Finished Running Vector-less Activity Propagation
104 Infos, 111 Warnings, 0 Critical Warnings and 0 Errors encountered.
report_power completed successfully
INFO: [Vivado 12-24828] Executing command : report_clock_utilization -file MatrixMult4x4_pipeline_clock_utilization_routed.rpt
INFO: [Vivado 12-24828] Executing command : report_bus_skew -warn_on_violation -file MatrixMult4x4_pipeline_bus_skew_routed.rpt -pb MatrixMult4x4_pipeline_bus_skew_routed.pb -rpx MatrixMult4x4_pipeline_bus_skew_routed.rpx
INFO: [Timing 38-91] UpdateTimingParams: Speed grade: -1, Delay Type: min_max.
INFO: [Timing 38-191] Multithreading enabled for timing update using a maximum of 2 CPUs
generate_parallel_reports: Time (s): cpu = 00:00:03 ; elapsed = 00:00:07 . Memory (MB): peak = 2123.453 ; gain = 20.812
INFO: [Timing 38-480] Writing timing data to binary archive.
Write ShapeDB Complete: Time (s): cpu = 00:00:00 ; elapsed = 00:00:00.020 . Memory (MB): peak = 2132.172 ; gain = 0.023
Wrote PlaceDB: Time (s): cpu = 00:00:01 ; elapsed = 00:00:00.317 . Memory (MB): peak = 2136.797 ; gain = 4.625
Wrote PulsedLatchDB: Time (s): cpu = 00:00:00 ; elapsed = 00:00:00 . Memory (MB): peak = 2136.797 ; gain = 0.000
Writing XDEF routing.
Writing XDEF routing logical nets.
Writing XDEF routing special nets.
Wrote RouteStorage: Time (s): cpu = 00:00:00 ; elapsed = 00:00:00.036 . Memory (MB): peak = 2136.797 ; gain = 0.000
Wrote Netlist Cache: Time (s): cpu = 00:00:00 ; elapsed = 00:00:00.010 . Memory (MB): peak = 2136.797 ; gain = 0.000
Wrote Device Cache: Time (s): cpu = 00:00:00 ; elapsed = 00:00:00.003 . Memory (MB): peak = 2136.797 ; gain = 0.000
Write Physdb Complete: Time (s): cpu = 00:00:01 ; elapsed = 00:00:00.371 . Memory (MB): peak = 2136.797 ; gain = 4.625
INFO: [Common 17-1381] The checkpoint 'D:/SoCLyThuyet/MatrixMult_pipeline/MatrixMult_pipeline.runs/impl_1/MatrixMult4x4_pipeline_routed.dcp' has been generated.
INFO: [Common 17-206] Exiting Vivado at Sat May  2 20:04:47 2026...
